ARM Linker, 5.03 [Build 76] [MDK-ARM Lite]

==============================================================================

Section Cross References

    startup.o(STACK) refers (Special) to heapauxi.o(.text) for __use_two_region_memory
    startup.o(HEAP) refers (Special) to heapauxi.o(.text) for __use_two_region_memory
    startup.o(RESET) refers (Special) to heapauxi.o(.text) for __use_two_region_memory
    startup.o(RESET) refers to startup.o(STACK) for Stack_Top
    startup.o(RESET) refers to __main.o(!!!main) for __main
    startup.o(.text) refers (Special) to heapauxi.o(.text) for __use_two_region_memory
    startup.o(.text) refers to startup.o(HEAP) for Heap_Mem
    startup.o(.text) refers to startup.o(STACK) for Stack_Mem
    kpm.o(.text) refers to kpm.o(.data) for keypadLUT
    lcd.o(.text) refers to delay.o(.text) for delay_us
    lcd.o(.text) refers to aeabi_sdiv.o(.text_udiv) for __aeabi_uidivmod
    lcd.o(.text) refers to f2d.o(x$fpl$f2d) for __aeabi_f2d
    lcd.o(.text) refers to dleqf.o(x$fpl$dleqf) for __aeabi_cdcmple
    lcd.o(.text) refers to ffix.o(x$fpl$ffix) for __aeabi_f2iz
    lcd.o(.text) refers to fflt_noclz.o(x$fpl$fflt) for __aeabi_i2f
    lcd.o(.text) refers to faddsub_noclz.o(x$fpl$frsb) for __aeabi_frsub
    lcd.o(.text) refers to fmul.o(x$fpl$fmul) for __aeabi_fmul
    rtc.o(.text) refers to aeabi_sdiv.o(.text) for __aeabi_idivmod
    rtc.o(.text) refers to rtc.o(.data) for week
    rtc.o(.text) refers to kpm.o(.text) for keyscan
    rtc.o(.text) refers to delay.o(.text) for delay_ms
    main.o(.text) refers to rtc.o(.text) for RTC_Init
    main.o(.text) refers to lcd.o(.text) for InitLCD
    main.o(.text) refers to kpm.o(.text) for init_keypad
    main.o(.text) refers to main.o(.data) for choice
    aeabi_sdiv.o(.text_udiv) refers to aeabi_sdiv.o(.text) for __arm_div2
    aeabi_sdiv_div0.o(.text_udiv) refers to aeabi_sdiv_div0.o(.text) for __arm_div2
    __main.o(!!!main) refers to rtentry.o(.ARM.Collect$$rtentry$$00000000) for __rt_entry
    dleqf.o(x$fpl$dleqf) refers (Special) to usenofp.o(x$fpl$usenofp) for __I$use$fp
    dleqf.o(x$fpl$dleqf) refers to dnaninf.o(x$fpl$dnaninf) for __fpl_dnaninf
    dleqf.o(x$fpl$dleqf) refers to dcmpi.o(x$fpl$dcmpinf) for __fpl_dcmp_Inf
    f2d.o(x$fpl$f2d) refers (Special) to usenofp.o(x$fpl$usenofp) for __I$use$fp
    f2d.o(x$fpl$f2d) refers to fnaninf.o(x$fpl$fnaninf) for __fpl_fnaninf
    f2d.o(x$fpl$f2d) refers to dretinf.o(x$fpl$dretinf) for __fpl_dretinf
    faddsub_noclz.o(x$fpl$fadd) refers (Special) to usenofp.o(x$fpl$usenofp) for __I$use$fp
    faddsub_noclz.o(x$fpl$fadd) refers to faddsub_noclz.o(x$fpl$fsub) for _fsub1
    faddsub_noclz.o(x$fpl$fadd) refers to fretinf.o(x$fpl$fretinf) for __fpl_fretinf
    faddsub_noclz.o(x$fpl$fadd) refers to fnaninf.o(x$fpl$fnaninf) for __fpl_fnaninf
    faddsub_noclz.o(x$fpl$frsb) refers (Special) to usenofp.o(x$fpl$usenofp) for __I$use$fp
    faddsub_noclz.o(x$fpl$frsb) refers to faddsub_noclz.o(x$fpl$fadd) for _fadd1
    faddsub_noclz.o(x$fpl$frsb) refers to faddsub_noclz.o(x$fpl$fsub) for _fsub1
    faddsub_noclz.o(x$fpl$fsub) refers (Special) to usenofp.o(x$fpl$usenofp) for __I$use$fp
    faddsub_noclz.o(x$fpl$fsub) refers to faddsub_noclz.o(x$fpl$fadd) for _fadd1
    faddsub_noclz.o(x$fpl$fsub) refers to fnaninf.o(x$fpl$fnaninf) for __fpl_fnaninf
    ffix.o(x$fpl$ffix) refers (Special) to usenofp.o(x$fpl$usenofp) for __I$use$fp
    ffix.o(x$fpl$ffix) refers to fnaninf.o(x$fpl$fnaninf) for __fpl_fnaninf
    ffix.o(x$fpl$ffixr) refers (Special) to usenofp.o(x$fpl$usenofp) for __I$use$fp
    ffix.o(x$fpl$ffixr) refers to fnaninf.o(x$fpl$fnaninf) for __fpl_fnaninf
    fflt_noclz.o(x$fpl$ffltu) refers (Special) to usenofp.o(x$fpl$usenofp) for __I$use$fp
    fflt_noclz.o(x$fpl$ffltu) refers to fflt_noclz.o(x$fpl$fflt) for __fflt_normalise
    fflt_noclz.o(x$fpl$fflt) refers (Special) to usenofp.o(x$fpl$usenofp) for __I$use$fp
    fmul.o(x$fpl$fmul) refers (Special) to usenofp.o(x$fpl$usenofp) for __I$use$fp
    fmul.o(x$fpl$fmul) refers to fretinf.o(x$fpl$fretinf) for __fpl_fretinf
    fmul.o(x$fpl$fmul) refers to fnaninf.o(x$fpl$fnaninf) for __fpl_fnaninf
    rtentry.o(.ARM.Collect$$rtentry$$00000000) refers (Special) to rtentry2.o(.ARM.Collect$$rtentry$$0000000A) for __rt_entry_li
    rtentry.o(.ARM.Collect$$rtentry$$00000000) refers (Special) to rtentry2.o(.ARM.Collect$$rtentry$$0000000D) for __rt_entry_main
    rtentry.o(.ARM.Collect$$rtentry$$00000000) refers (Special) to rtentry2.o(.ARM.Collect$$rtentry$$0000000C) for __rt_entry_postli_1
    rtentry.o(.ARM.Collect$$rtentry$$00000000) refers (Special) to rtentry2.o(.ARM.Collect$$rtentry$$00000009) for __rt_entry_postsh_1
    rtentry.o(.ARM.Collect$$rtentry$$00000000) refers (Special) to rtentry2.o(.ARM.Collect$$rtentry$$00000002) for __rt_entry_presh_1
    rtentry.o(.ARM.Collect$$rtentry$$00000000) refers (Special) to rtentry4.o(.ARM.Collect$$rtentry$$00000004) for __rt_entry_sh
    aeabi_idiv0_sigfpe.o(.text) refers to rt_div0.o(.text) for __rt_div0
    dcmpi.o(x$fpl$dcmpinf) refers (Special) to usenofp.o(x$fpl$usenofp) for __I$use$fp
    dnaninf.o(x$fpl$dnaninf) refers (Special) to usenofp.o(x$fpl$usenofp) for __I$use$fp
    dretinf.o(x$fpl$dretinf) refers (Special) to usenofp.o(x$fpl$usenofp) for __I$use$fp
    fnaninf.o(x$fpl$fnaninf) refers (Special) to usenofp.o(x$fpl$usenofp) for __I$use$fp
    fretinf.o(x$fpl$fretinf) refers (Special) to usenofp.o(x$fpl$usenofp) for __I$use$fp
    rtentry2.o(.ARM.Collect$$rtentry$$00000008) refers to boardinit2.o(.text) for _platform_post_stackheap_init
    rtentry2.o(.ARM.Collect$$rtentry$$0000000A) refers to libinit.o(.ARM.Collect$$libinit$$00000000) for __rt_lib_init
    rtentry2.o(.ARM.Collect$$rtentry$$0000000B) refers to boardinit3.o(.text) for _platform_post_lib_init
    rtentry2.o(.ARM.Collect$$rtentry$$0000000D) refers to exit.o(.text) for exit
    rtentry2.o(.ARM.Collect$$rtentry$$0000000D) refers to main.o(.text) for main
    rtentry2.o(.ARM.exidx) refers to rtentry2.o(.ARM.Collect$$rtentry$$00000001) for .ARM.Collect$$rtentry$$00000001
    rtentry2.o(.ARM.exidx) refers to rtentry2.o(.ARM.Collect$$rtentry$$00000008) for .ARM.Collect$$rtentry$$00000008
    rtentry2.o(.ARM.exidx) refers to rtentry2.o(.ARM.Collect$$rtentry$$0000000A) for .ARM.Collect$$rtentry$$0000000A
    rtentry2.o(.ARM.exidx) refers to rtentry2.o(.ARM.Collect$$rtentry$$0000000B) for .ARM.Collect$$rtentry$$0000000B
    rtentry2.o(.ARM.exidx) refers to rtentry2.o(.ARM.Collect$$rtentry$$0000000D) for .ARM.Collect$$rtentry$$0000000D
    rtentry4.o(.ARM.Collect$$rtentry$$00000004) refers to sys_stackheap_outer.o(.text) for __user_setup_stackheap
    rtentry4.o(.ARM.exidx) refers to rtentry4.o(.ARM.Collect$$rtentry$$00000004) for .ARM.Collect$$rtentry$$00000004
    rt_div0.o(.text) refers to defsig_fpe_outer.o(.text) for __rt_SIGFPE
    sys_stackheap_outer.o(.text) refers to libspace.o(.text) for __user_perproc_libspace
    sys_stackheap_outer.o(.text) refers to startup.o(.text) for __user_initial_stackheap
    exit.o(.text) refers to rtexit.o(.ARM.Collect$$rtexit$$00000000) for __rt_exit
    defsig_fpe_outer.o(.text) refers to defsig_fpe_inner.o(.text) for __rt_SIGFPE_inner
    defsig_fpe_outer.o(.text) refers to defsig_exit.o(.text) for __sig_exit
    defsig_fpe_formal.o(.text) refers to rt_raise.o(.text) for __rt_raise
    libinit.o(.ARM.Collect$$libinit$$00000000) refers (Special) to libinit2.o(.ARM.Collect$$libinit$$0000002C) for __rt_lib_init_alloca_1
    libinit.o(.ARM.Collect$$libinit$$00000000) refers (Special) to libinit2.o(.ARM.Collect$$libinit$$0000002A) for __rt_lib_init_argv_1
    libinit.o(.ARM.Collect$$libinit$$00000000) refers (Special) to libinit2.o(.ARM.Collect$$libinit$$00000019) for __rt_lib_init_atexit_1
    libinit.o(.ARM.Collect$$libinit$$00000000) refers (Special) to libinit2.o(.ARM.Collect$$libinit$$0000001F) for __rt_lib_init_clock_1
    libinit.o(.ARM.Collect$$libinit$$00000000) refers (Special) to libinit2.o(.ARM.Collect$$libinit$$00000030) for __rt_lib_init_cpp_1
    libinit.o(.ARM.Collect$$libinit$$00000000) refers (Special) to libinit2.o(.ARM.Collect$$libinit$$0000002E) for __rt_lib_init_exceptions_1
    libinit.o(.ARM.Collect$$libinit$$00000000) refers (Special) to libinit2.o(.ARM.Collect$$libinit$$00000002) for __rt_lib_init_fp_1
    libinit.o(.ARM.Collect$$libinit$$00000000) refers (Special) to libinit2.o(.ARM.Collect$$libinit$$0000001D) for __rt_lib_init_fp_trap_1
    libinit.o(.ARM.Collect$$libinit$$00000000) refers (Special) to libinit2.o(.ARM.Collect$$libinit$$00000021) for __rt_lib_init_getenv_1
    libinit.o(.ARM.Collect$$libinit$$00000000) refers (Special) to libinit2.o(.ARM.Collect$$libinit$$00000008) for __rt_lib_init_heap_1
    libinit.o(.ARM.Collect$$libinit$$00000000) refers (Special) to libinit2.o(.ARM.Collect$$libinit$$0000000F) for __rt_lib_init_lc_collate_1
    libinit.o(.ARM.Collect$$libinit$$00000000) refers (Special) to libinit2.o(.ARM.Collect$$libinit$$00000011) for __rt_lib_init_lc_ctype_1
    libinit.o(.ARM.Collect$$libinit$$00000000) refers (Special) to libinit2.o(.ARM.Collect$$libinit$$00000013) for __rt_lib_init_lc_monetary_1
    libinit.o(.ARM.Collect$$libinit$$00000000) refers (Special) to libinit2.o(.ARM.Collect$$libinit$$00000015) for __rt_lib_init_lc_numeric_1
    libinit.o(.ARM.Collect$$libinit$$00000000) refers (Special) to libinit2.o(.ARM.Collect$$libinit$$00000017) for __rt_lib_init_lc_time_1
    libinit.o(.ARM.Collect$$libinit$$00000000) refers (Special) to libinit2.o(.ARM.Collect$$libinit$$0000000C) for __rt_lib_init_rand_1
    libinit.o(.ARM.Collect$$libinit$$00000000) refers (Special) to libinit2.o(.ARM.Collect$$libinit$$00000031) for __rt_lib_init_return
    libinit.o(.ARM.Collect$$libinit$$00000000) refers (Special) to libinit2.o(.ARM.Collect$$libinit$$0000001B) for __rt_lib_init_signal_1
    libinit.o(.ARM.Collect$$libinit$$00000000) refers (Special) to libinit2.o(.ARM.Collect$$libinit$$00000023) for __rt_lib_init_stdio_1
    libinit.o(.ARM.Collect$$libinit$$00000000) refers (Special) to libinit2.o(.ARM.Collect$$libinit$$0000000A) for __rt_lib_init_user_alloc_1
    libspace.o(.text) refers to libspace.o(.bss) for __libspace_start
    rtexit.o(.ARM.Collect$$rtexit$$00000000) refers (Special) to rtexit2.o(.ARM.Collect$$rtexit$$00000004) for __rt_exit_exit
    rtexit.o(.ARM.Collect$$rtexit$$00000000) refers (Special) to rtexit2.o(.ARM.Collect$$rtexit$$00000003) for __rt_exit_ls
    rtexit.o(.ARM.Collect$$rtexit$$00000000) refers (Special) to rtexit2.o(.ARM.Collect$$rtexit$$00000002) for __rt_exit_prels_1
    rtexit.o(.ARM.exidx) refers (Special) to rtexit2.o(.ARM.Collect$$rtexit$$00000004) for __rt_exit_exit
    rtexit.o(.ARM.exidx) refers (Special) to rtexit2.o(.ARM.Collect$$rtexit$$00000003) for __rt_exit_ls
    rtexit.o(.ARM.exidx) refers (Special) to rtexit2.o(.ARM.Collect$$rtexit$$00000002) for __rt_exit_prels_1
    rtexit.o(.ARM.exidx) refers to rtexit.o(.ARM.Collect$$rtexit$$00000000) for .ARM.Collect$$rtexit$$00000000
    rt_raise.o(.text) refers to __raise.o(.text) for __raise
    rt_raise.o(.text) refers to sys_exit.o(.text) for _sys_exit
    defsig_exit.o(.text) refers to sys_exit.o(.text) for _sys_exit
    defsig_fpe_inner.o(.text) refers to defsig_general.o(.text) for __default_signal_display
    libinit2.o(.ARM.Collect$$libinit$$00000001) refers to fpinit.o(x$fpl$fpinit) for _fp_init
    libinit2.o(.ARM.Collect$$libinit$$0000000E) refers to libinit2.o(.ARM.Collect$$libinit$$0000000D) for .ARM.Collect$$libinit$$0000000D
    libinit2.o(.ARM.Collect$$libinit$$00000010) refers to libinit2.o(.ARM.Collect$$libinit$$0000000D) for .ARM.Collect$$libinit$$0000000D
    libinit2.o(.ARM.Collect$$libinit$$00000012) refers to libinit2.o(.ARM.Collect$$libinit$$0000000D) for .ARM.Collect$$libinit$$0000000D
    libinit2.o(.ARM.Collect$$libinit$$00000014) refers to libinit2.o(.ARM.Collect$$libinit$$0000000D) for .ARM.Collect$$libinit$$0000000D
    libinit2.o(.ARM.Collect$$libinit$$00000016) refers to libinit2.o(.ARM.Collect$$libinit$$0000000D) for .ARM.Collect$$libinit$$0000000D
    libinit2.o(.ARM.Collect$$libinit$$00000024) refers to argv_veneer.o(.emb_text) for __ARM_argv_veneer
    libinit2.o(.ARM.Collect$$libinit$$00000025) refers to argv_veneer.o(.emb_text) for __ARM_argv_veneer
    sys_exit.o(.text) refers (Special) to use_no_semi.o(.text) for __I$use$semihosting
    sys_exit.o(.text) refers (Special) to indicate_semi.o(.text) for __semihosting_library_function
    rtexit2.o(.ARM.Collect$$rtexit$$00000003) refers to libshutdown.o(.ARM.Collect$$libshutdown$$00000000) for __rt_lib_shutdown
    rtexit2.o(.ARM.Collect$$rtexit$$00000004) refers to sys_exit.o(.text) for _sys_exit
    rtexit2.o(.ARM.exidx) refers to rtexit2.o(.ARM.Collect$$rtexit$$00000001) for .ARM.Collect$$rtexit$$00000001
    rtexit2.o(.ARM.exidx) refers to rtexit2.o(.ARM.Collect$$rtexit$$00000003) for .ARM.Collect$$rtexit$$00000003
    rtexit2.o(.ARM.exidx) refers to rtexit2.o(.ARM.Collect$$rtexit$$00000004) for .ARM.Collect$$rtexit$$00000004
    __raise.o(.text) refers to __raise.o(i.__ARM_common_call_via_r2) for __ARM_common_call_via_r2
    __raise.o(.text) refers to defsig.o(CL$$defsig) for __default_signal_handler
    defsig_general.o(.text) refers to sys_wrch.o(.text) for _ttywrch
    argv_veneer.o(.emb_text) refers to no_argv.o(.text) for __ARM_get_argv
    sys_wrch.o(.text) refers (Special) to use_no_semi.o(.text) for __I$use$semihosting
    sys_wrch.o(.text) refers (Special) to indicate_semi.o(.text) for __semihosting_library_function
    defsig.o(CL$$defsig) refers to defsig_fpe_inner.o(.text) for __rt_SIGFPE_inner
    defsig.o(CL$$defsig) refers to defsig_rtmem_inner.o(.text) for __rt_SIGRTMEM_inner
    _get_argv_nomalloc.o(.text) refers (Special) to hrguard.o(.text) for __heap_region$guard
    _get_argv_nomalloc.o(.text) refers to defsig_rtmem_outer.o(.text) for __rt_SIGRTMEM
    _get_argv_nomalloc.o(.text) refers to sys_command.o(.text) for _sys_command_string
    libshutdown.o(.ARM.Collect$$libshutdown$$00000000) refers (Special) to libshutdown2.o(.ARM.Collect$$libshutdown$$00000006) for __rt_lib_shutdown_fp_trap_1
    libshutdown.o(.ARM.Collect$$libshutdown$$00000000) refers (Special) to libshutdown2.o(.ARM.Collect$$libshutdown$$0000000E) for __rt_lib_shutdown_heap_1
    libshutdown.o(.ARM.Collect$$libshutdown$$00000000) refers (Special) to libshutdown2.o(.ARM.Collect$$libshutdown$$0000000F) for __rt_lib_shutdown_return
    libshutdown.o(.ARM.Collect$$libshutdown$$00000000) refers (Special) to libshutdown2.o(.ARM.Collect$$libshutdown$$00000009) for __rt_lib_shutdown_signal_1
    libshutdown.o(.ARM.Collect$$libshutdown$$00000000) refers (Special) to libshutdown2.o(.ARM.Collect$$libshutdown$$00000003) for __rt_lib_shutdown_stdio_1
    libshutdown.o(.ARM.Collect$$libshutdown$$00000000) refers (Special) to libshutdown2.o(.ARM.Collect$$libshutdown$$0000000B) for __rt_lib_shutdown_user_alloc_1
    sys_command.o(.text) refers (Special) to use_no_semi.o(.text) for __I$use$semihosting
    sys_command.o(.text) refers (Special) to indicate_semi.o(.text) for __semihosting_library_function
    defsig_abrt_inner.o(.text) refers to defsig_general.o(.text) for __default_signal_display
    defsig_rtred_inner.o(.text) refers to defsig_general.o(.text) for __default_signal_display
    defsig_rtmem_inner.o(.text) refers to defsig_general.o(.text) for __default_signal_display
    defsig_rtmem_outer.o(.text) refers to defsig_rtmem_inner.o(.text) for __rt_SIGRTMEM_inner
    defsig_rtmem_outer.o(.text) refers to defsig_exit.o(.text) for __sig_exit
    defsig_rtmem_formal.o(.text) refers to rt_raise.o(.text) for __rt_raise
    defsig_stak_inner.o(.text) refers to defsig_general.o(.text) for __default_signal_display
    defsig_pvfn_inner.o(.text) refers to defsig_general.o(.text) for __default_signal_display
    defsig_cppl_inner.o(.text) refers to defsig_general.o(.text) for __default_signal_display
    defsig_segv_inner.o(.text) refers to defsig_general.o(.text) for __default_signal_display
    defsig_other.o(.text) refers to defsig_general.o(.text) for __default_signal_display


==============================================================================

Memory Map of the image

  Image Entry point : 0x00000000

  Load Region LR_IROM1 (Base: 0x00000000, Size: 0x0000157c, Max: 0x00080000, ABSOLUTE)

    Execution Region ER_IROM1 (Base: 0x00000000, Size: 0x0000151c, Max: 0x00080000, ABSOLUTE)

    Base Addr    Size         Type   Attr      Idx    E Section Name        Object

    0x00000000   0x00000110   Code   RO            3    RESET               startup.o
    0x00000110   0x00000008   Code   RO          137  * !!!main             c_t.l(__main.o)
    0x00000118   0x00000002   Code   RO          205    .ARM.Collect$$libinit$$00000000  c_t.l(libinit.o)
    0x0000011a   0x00000000   Code   RO          218    .ARM.Collect$$libinit$$00000002  c_t.l(libinit2.o)
    0x0000011a   0x00000000   Code   RO          221    .ARM.Collect$$libinit$$00000008  c_t.l(libinit2.o)
    0x0000011a   0x00000000   Code   RO          223    .ARM.Collect$$libinit$$0000000A  c_t.l(libinit2.o)
    0x0000011a   0x00000000   Code   RO          225    .ARM.Collect$$libinit$$0000000C  c_t.l(libinit2.o)
    0x0000011a   0x00000000   Code   RO          228    .ARM.Collect$$libinit$$0000000F  c_t.l(libinit2.o)
    0x0000011a   0x00000000   Code   RO          230    .ARM.Collect$$libinit$$00000011  c_t.l(libinit2.o)
    0x0000011a   0x00000000   Code   RO          232    .ARM.Collect$$libinit$$00000013  c_t.l(libinit2.o)
    0x0000011a   0x00000000   Code   RO          234    .ARM.Collect$$libinit$$00000015  c_t.l(libinit2.o)
    0x0000011a   0x00000000   Code   RO          236    .ARM.Collect$$libinit$$00000017  c_t.l(libinit2.o)
    0x0000011a   0x00000000   Code   RO          238    .ARM.Collect$$libinit$$00000019  c_t.l(libinit2.o)
    0x0000011a   0x00000000   Code   RO          240    .ARM.Collect$$libinit$$0000001B  c_t.l(libinit2.o)
    0x0000011a   0x00000000   Code   RO          242    .ARM.Collect$$libinit$$0000001D  c_t.l(libinit2.o)
    0x0000011a   0x00000000   Code   RO          244    .ARM.Collect$$libinit$$0000001F  c_t.l(libinit2.o)
    0x0000011a   0x00000000   Code   RO          246    .ARM.Collect$$libinit$$00000021  c_t.l(libinit2.o)
    0x0000011a   0x00000000   Code   RO          248    .ARM.Collect$$libinit$$00000023  c_t.l(libinit2.o)
    0x0000011a   0x00000000   Code   RO          252    .ARM.Collect$$libinit$$0000002A  c_t.l(libinit2.o)
    0x0000011a   0x00000000   Code   RO          254    .ARM.Collect$$libinit$$0000002C  c_t.l(libinit2.o)
    0x0000011a   0x00000000   Code   RO          256    .ARM.Collect$$libinit$$0000002E  c_t.l(libinit2.o)
    0x0000011a   0x00000000   Code   RO          258    .ARM.Collect$$libinit$$00000030  c_t.l(libinit2.o)
    0x0000011a   0x0000000c   Code   RO          259    .ARM.Collect$$libinit$$00000031  c_t.l(libinit2.o)
    0x00000126   0x00000004   Code   RO          292    .ARM.Collect$$libshutdown$$00000000  c_t.l(libshutdown.o)
    0x0000012a   0x00000000   Code   RO          319    .ARM.Collect$$libshutdown$$00000003  c_t.l(libshutdown2.o)
    0x0000012a   0x00000000   Code   RO          322    .ARM.Collect$$libshutdown$$00000006  c_t.l(libshutdown2.o)
    0x0000012a   0x00000000   Code   RO          325    .ARM.Collect$$libshutdown$$00000009  c_t.l(libshutdown2.o)
    0x0000012a   0x00000000   Code   RO          327    .ARM.Collect$$libshutdown$$0000000B  c_t.l(libshutdown2.o)
    0x0000012a   0x00000000   Code   RO          330    .ARM.Collect$$libshutdown$$0000000E  c_t.l(libshutdown2.o)
    0x0000012a   0x00000006   Code   RO          331    .ARM.Collect$$libshutdown$$0000000F  c_t.l(libshutdown2.o)
    0x00000130   0x00000000   Code   RO          159    .ARM.Collect$$rtentry$$00000000  c_t.l(rtentry.o)
    0x00000130   0x00000000   Code   RO          176    .ARM.Collect$$rtentry$$00000002  c_t.l(rtentry2.o)
    0x00000130   0x00000008   Code   RO          188    .ARM.Collect$$rtentry$$00000004  c_t.l(rtentry4.o)
    0x00000138   0x00000000   Code   RO          178    .ARM.Collect$$rtentry$$00000009  c_t.l(rtentry2.o)
    0x00000138   0x00000004   Code   RO          179    .ARM.Collect$$rtentry$$0000000A  c_t.l(rtentry2.o)
    0x0000013c   0x00000000   Code   RO          181    .ARM.Collect$$rtentry$$0000000C  c_t.l(rtentry2.o)
    0x0000013c   0x00000028   Code   RO          182    .ARM.Collect$$rtentry$$0000000D  c_t.l(rtentry2.o)
    0x00000164   0x00000004   Code   RO          209    .ARM.Collect$$rtexit$$00000000  c_t.l(rtexit.o)
    0x00000168   0x00000000   Code   RO          263    .ARM.Collect$$rtexit$$00000002  c_t.l(rtexit2.o)
    0x00000168   0x00000004   Code   RO          264    .ARM.Collect$$rtexit$$00000003  c_t.l(rtexit2.o)
    0x0000016c   0x00000008   Code   RO          265    .ARM.Collect$$rtexit$$00000004  c_t.l(rtexit2.o)
    0x00000174   0x00000020   Code   RO            4    .text               startup.o
    0x00000194   0x0000005c   Code   RO           11    .text               delay.o
    0x000001f0   0x00000138   Code   RO           26    .text               kpm.o
    0x00000328   0x00000300   Code   RO           50    .text               lcd.o
    0x00000628   0x00000508   Code   RO           76    .text               rtc.o
    0x00000b30   0x00000174   Code   RO          102    .text               main.o
    0x00000ca4   0x00000180   Code   RO          119    .text               c_t.l(aeabi_sdiv.o)
    0x00000e24   0x00000006   Code   RO          135    .text               c_t.l(heapauxi.o)
    0x00000e2a   0x00000002   PAD
    0x00000e2c   0x00000060   Code   RO          192    .text               c_t.l(sys_stackheap_outer.o)
    0x00000e8c   0x0000000c   Code   RO          194    .text               c_t.l(exit.o)
    0x00000e98   0x0000000c   Code   RO          206    .text               c_t.l(libspace.o)
    0x00000ea4   0x0000000c   Code   RO          260    .text               c_t.l(sys_exit.o)
    0x00000eb0   0x00000004   Code   RO          281    .text               c_t.l(use_no_semi.o)
    0x00000eb4   0x00000000   Code   RO          283    .text               c_t.l(indicate_semi.o)
    0x00000eb4   0x00000024   Code   RO          120    .text_udiv          c_t.l(aeabi_sdiv.o)
    0x00000ed8   0x0000001c   Code   RO          164    x$fpl$dcmpinf       fz_ts.l(dcmpi.o)
    0x00000ef4   0x00000094   Code   RO          139    x$fpl$dleqf         fz_ts.l(dleqf.o)
    0x00000f88   0x000000c0   Code   RO          166    x$fpl$dnaninf       fz_ts.l(dnaninf.o)
    0x00001048   0x00000010   Code   RO          168    x$fpl$dretinf       fz_ts.l(dretinf.o)
    0x00001058   0x00000064   Code   RO          141    x$fpl$f2d           fz_ts.l(f2d.o)
    0x000010bc   0x000000c4   Code   RO          143    x$fpl$fadd          fz_ts.l(faddsub_noclz.o)
    0x00001180   0x00000044   Code   RO          149    x$fpl$ffix          fz_ts.l(ffix.o)
    0x000011c4   0x0000005c   Code   RO          154    x$fpl$fflt          fz_ts.l(fflt_noclz.o)
    0x00001220   0x00000100   Code   RO          157    x$fpl$fmul          fz_ts.l(fmul.o)
    0x00001320   0x000000a8   Code   RO          170    x$fpl$fnaninf       fz_ts.l(fnaninf.o)
    0x000013c8   0x00000010   Code   RO          172    x$fpl$fretinf       fz_ts.l(fretinf.o)
    0x000013d8   0x00000014   Code   RO          144    x$fpl$frsb          fz_ts.l(faddsub_noclz.o)
    0x000013ec   0x00000130   Code   RO          145    x$fpl$fsub          fz_ts.l(faddsub_noclz.o)
    0x0000151c   0x00000000   Code   RO          174    x$fpl$usenofp       fz_ts.l(usenofp.o)
    0x0000151c   0x00000000   Data   RO          332    Region$$Table       anon$$obj.o


    Execution Region RW_IRAM1 (Base: 0x40000000, Size: 0x00000548, Max: 0x00008000, ABSOLUTE)

    Base Addr    Size         Type   Attr      Idx    E Section Name        Object

    0x40000000   0x00000040   Data   RW           27    .data               kpm.o
    0x40000040   0x0000001c   Data   RW           77    .data               rtc.o
    0x4000005c   0x00000004   Data   RW          103    .data               main.o
    0x40000060   0x00000060   Zero   RW          207    .bss                c_t.l(libspace.o)
    0x400000c0   0x00000000   Zero   RW            2    HEAP                startup.o
    0x400000c0   0x00000488   Zero   RW            1    STACK               startup.o

